---
http_interactions:
- request:
    method: post
    uri: http://localhost:8981/solr/update?wt=ruby
    body:
      encoding: US-ASCII
      string: "<?xml version=\"1.0\" encoding=\"UTF-8\"?><add><doc><field name=\"\
        id\">Events::NoteOnDataset 1000052</field><field name=\"type\">Events::NoteOnDataset</field><field\
        \ name=\"type\">Events::Note</field><field name=\"type\">Events::Base</field><field\
        \ name=\"type\">ActiveRecord::Base</field><field name=\"class_name\">Events::NoteOnDataset</field><field\
        \ name=\"data_source_account_ids_im\">1000002</field><field name=\"found_in_workspace_id_im\"\
        >1000001</field><field name=\"found_in_workspace_id_im\">1000011</field><field\
        \ name=\"found_in_workspace_id_im\">1000010</field><field name=\"grouping_id_s\"\
        >GpdbTable 1000010</field><field name=\"type_name_s\">Dataset</field><field\
        \ name=\"security_type_name_sm\">GpdbTable</field><field name=\"security_type_name_sm\"\
        >GpdbDataset</field><field name=\"security_type_name_sm\">Dataset</field><field\
        \ name=\"body_texts\">sometext searchwithhtml ftw</field></doc></add>"
    headers:
      content-type:
      - text/xml
  response:
    status:
      code: 200
      message: OK
    headers:
      content-type:
      - text/plain; charset=utf-8
      connection:
      - close
      server:
      - Jetty(6.1-SNAPSHOT)
    body:
      encoding: US-ASCII
      string: "{'responseHeader'=>{'status'=>0,'QTime'=>7}}"
    http_version: '1.1'
  recorded_at: Thu, 25 Apr 2013 01:07:02 GMT
- request:
    method: post
    uri: http://localhost:8981/solr/update?wt=ruby
    body:
      encoding: US-ASCII
      string: "<?xml version=\"1.0\" encoding=\"UTF-8\"?><commit/>"
    headers:
      content-type:
      - text/xml
  response:
    status:
      code: 200
      message: OK
    headers:
      content-type:
      - text/plain; charset=utf-8
      connection:
      - close
      server:
      - Jetty(6.1-SNAPSHOT)
    body:
      encoding: US-ASCII
      string: "{'responseHeader'=>{'status'=>0,'QTime'=>39}}"
    http_version: '1.1'
  recorded_at: Thu, 25 Apr 2013 01:07:02 GMT
- request:
    method: post
    uri: http://localhost:8981/solr/select?wt=ruby
    body:
      encoding: US-ASCII
      string: fq=type%3A%28User+OR+GpdbDataSource+OR+HdfsDataSource+OR+GnipDataSource+OR+Workspace+OR+Workfile+OR+Dataset+OR+HdfsEntry+OR+Attachment+OR+OracleDataSource+OR+Events%5C%3A%5C%3ANote+OR+Comment%29&fq=type_name_s%3A%28User+OR+DataSource+OR+Workspace+OR+Workfile+OR+Dataset+OR+HdfsEntry+OR+Attachment%29&fq=-%28security_type_name_sm%3A%28Workspace%29+AND+-member_ids_im%3A1000006+AND+-public_b%3Atrue%29&fq=-%28security_type_name_sm%3A%28Workfile%29+AND+-member_ids_im%3A1000006+AND+-public_b%3Atrue%29&fq=-%28security_type_name_sm%3A%28Dataset%29+AND+-data_source_account_ids_im%3A%281000001+OR+1000002+OR+1000004+OR+1000005+OR+1000006+OR+1000016+OR+1000017%29%29&fq=-%28security_type_name_sm%3AChorusView+AND+-member_ids_im%3A1000006+AND+-public_b%3Atrue%29&fq=-%28security_type_name_sm%3A%28Dataset%29+AND+-data_source_account_ids_im%3A%281000001+OR+1000002+OR+1000004+OR+1000005+OR+1000006+OR+1000016+OR+1000017%29%29&fq=-%28security_type_name_sm%3AChorusView+AND+-member_ids_im%3A1000006+AND+-public_b%3Atrue%29&fq=-%28security_type_name_sm%3A%28Workspace%29+AND+-member_ids_im%3A1000006+AND+-public_b%3Atrue%29&fq=-%28security_type_name_sm%3A%28Workfile%29+AND+-member_ids_im%3A1000006+AND+-public_b%3Atrue%29&q=searchwithhtml&fl=%2A+score&qf=first_name_texts+last_name_texts+username_texts+email_texts+tag_names_texts+name_texts+description_texts+summary_texts+file_name_texts+version_comments_texts+database_name_texts+table_description_texts+schema_name_texts+column_name_texts+column_description_texts+query_texts+parent_name_texts+body_texts&defType=edismax&hl=on&hl.simple.pre=%40%40%40hl%40%40%40&hl.simple.post=%40%40%40endhl%40%40%40&hl.snippets=100&start=0&rows=50&group=true&group.ngroups=true&group.field=grouping_id_s&group.limit=3&group.truncate=true&facet=true&f.type_name_s.facet.mincount=1&facet.field=type_name_s
    headers:
      content-type:
      - application/x-www-form-urlencoded; charset=UTF-8
  response:
    status:
      code: 200
      message: OK
    headers:
      content-type:
      - text/plain; charset=utf-8
      connection:
      - close
      server:
      - Jetty(6.1-SNAPSHOT)
    body:
      encoding: US-ASCII
      string: "{'responseHeader'=>{'status'=>0,'QTime'=>5,'params'=>{'facet'=>'true','group.ngroups'=>'true','group.limit'=>'3','qf'=>'first_name_texts\
        \ last_name_texts username_texts email_texts tag_names_texts name_texts description_texts\
        \ summary_texts file_name_texts version_comments_texts database_name_texts\
        \ table_description_texts schema_name_texts column_name_texts column_description_texts\
        \ query_texts parent_name_texts body_texts','hl.simple.pre'=>'@@@hl@@@','wt'=>'ruby','hl'=>'on','rows'=>'50','defType'=>'edismax','fl'=>'*\
        \ score','hl.snippets'=>'100','start'=>'0','q'=>'searchwithhtml','group.truncate'=>'true','f.type_name_s.facet.mincount'=>'1','group.field'=>'grouping_id_s','hl.simple.post'=>'@@@endhl@@@','group'=>'true','facet.field'=>'type_name_s','fq'=>['type:(User\
        \ OR GpdbDataSource OR HdfsDataSource OR GnipDataSource OR Workspace OR Workfile\
        \ OR Dataset OR HdfsEntry OR Attachment OR OracleDataSource OR Events\\\\\
        :\\\\:Note OR Comment)','type_name_s:(User OR DataSource OR Workspace OR Workfile\
        \ OR Dataset OR HdfsEntry OR Attachment)','-(security_type_name_sm:(Workspace)\
        \ AND -member_ids_im:1000006 AND -public_b:true)','-(security_type_name_sm:(Workfile)\
        \ AND -member_ids_im:1000006 AND -public_b:true)','-(security_type_name_sm:(Dataset)\
        \ AND -data_source_account_ids_im:(1000001 OR 1000002 OR 1000004 OR 1000005\
        \ OR 1000006 OR 1000016 OR 1000017))','-(security_type_name_sm:ChorusView\
        \ AND -member_ids_im:1000006 AND -public_b:true)','-(security_type_name_sm:(Dataset)\
        \ AND -data_source_account_ids_im:(1000001 OR 1000002 OR 1000004 OR 1000005\
        \ OR 1000006 OR 1000016 OR 1000017))','-(security_type_name_sm:ChorusView\
        \ AND -member_ids_im:1000006 AND -public_b:true)','-(security_type_name_sm:(Workspace)\
        \ AND -member_ids_im:1000006 AND -public_b:true)','-(security_type_name_sm:(Workfile)\
        \ AND -member_ids_im:1000006 AND -public_b:true)']}},'grouped'=>{'grouping_id_s'=>{'matches'=>1,'ngroups'=>1,'groups'=>[{'groupValue'=>'GpdbTable\
        \ 1000010','doclist'=>{'numFound'=>1,'start'=>0,'maxScore'=>0.9371505,'docs'=>[{'id'=>'Events::NoteOnDataset\
        \ 1000052','body_texts'=>['sometext searchwithhtml ftw'],'score'=>0.9371505}]}}]}},'facet_counts'=>{'facet_queries'=>{},'facet_fields'=>{'type_name_s'=>['Dataset',1]},'facet_dates'=>{},'facet_ranges'=>{}},'highlighting'=>{'Events::NoteOnDataset\
        \ 1000052'=>{'body_texts'=>['sometext @@@hl@@@searchwithhtml@@@endhl@@@ ftw']}}}"
    http_version: '1.1'
  recorded_at: Thu, 25 Apr 2013 01:07:02 GMT
- request:
    method: post
    uri: http://localhost:8981/solr/update?wt=ruby
    body:
      encoding: US-ASCII
      string: "<?xml version=\"1.0\" encoding=\"UTF-8\"?><add><doc><field name=\"\
        id\">Events::NoteOnDataSource 1000008</field><field name=\"type\">Events::NoteOnDataSource</field><field\
        \ name=\"type\">Events::Note</field><field name=\"type\">Events::Base</field><field\
        \ name=\"type\">ActiveRecord::Base</field><field name=\"class_name\">Events::NoteOnDataSource</field><field\
        \ name=\"grouping_id_s\">OracleDataSource 1000006</field><field name=\"type_name_s\"\
        >DataSource</field><field name=\"security_type_name_sm\">DataSource</field><field\
        \ name=\"security_type_name_sm\">DataSource</field><field name=\"body_texts\"\
        >note on oracle data source</field></doc><doc><field name=\"id\">Events::NoteOnDataSource\
        \ 1000011</field><field name=\"type\">Events::NoteOnDataSource</field><field\
        \ name=\"type\">Events::Note</field><field name=\"type\">Events::Base</field><field\
        \ name=\"type\">ActiveRecord::Base</field><field name=\"class_name\">Events::NoteOnDataSource</field><field\
        \ name=\"grouping_id_s\">GpdbDataSource 1000007</field><field name=\"type_name_s\"\
        >DataSource</field><field name=\"security_type_name_sm\">DataSource</field><field\
        \ name=\"security_type_name_sm\">DataSource</field><field name=\"body_texts\"\
        >i exist only for my attachments</field></doc><doc><field name=\"id\">Events::NoteOnWorkfile\
        \ 1000019</field><field name=\"type\">Events::NoteOnWorkfile</field><field\
        \ name=\"type\">Events::Note</field><field name=\"type\">Events::Base</field><field\
        \ name=\"type\">ActiveRecord::Base</field><field name=\"class_name\">Events::NoteOnWorkfile</field><field\
        \ name=\"member_ids_im\">1000006</field><field name=\"member_ids_im\">1000007</field><field\
        \ name=\"public_b\">true</field><field name=\"workspace_id_im\">1000008</field><field\
        \ name=\"grouping_id_s\">ChorusWorkfile 1000014</field><field name=\"type_name_s\"\
        >Workfile</field><field name=\"security_type_name_sm\">Workfile</field><field\
        \ name=\"security_type_name_sm\">Workfile</field><field name=\"body_texts\"\
        >note on workfile</field></doc><doc><field name=\"id\">Events::NoteOnWorkfile\
        \ 1000024</field><field name=\"type\">Events::NoteOnWorkfile</field><field\
        \ name=\"type\">Events::Note</field><field name=\"type\">Events::Base</field><field\
        \ name=\"type\">ActiveRecord::Base</field><field name=\"class_name\">Events::NoteOnWorkfile</field><field\
        \ name=\"member_ids_im\">1000006</field><field name=\"member_ids_im\">1000007</field><field\
        \ name=\"public_b\">true</field><field name=\"workspace_id_im\">1000008</field><field\
        \ name=\"grouping_id_s\">ChorusWorkfile 1000008</field><field name=\"type_name_s\"\
        >Workfile</field><field name=\"security_type_name_sm\">Workfile</field><field\
        \ name=\"security_type_name_sm\">Workfile</field><field name=\"body_texts\"\
        >notesearch forever</field></doc><doc><field name=\"id\">Events::NoteOnWorkfile\
        \ 1000025</field><field name=\"type\">Events::NoteOnWorkfile</field><field\
        \ name=\"type\">Events::Note</field><field name=\"type\">Events::Base</field><field\
        \ name=\"type\">ActiveRecord::Base</field><field name=\"class_name\">Events::NoteOnWorkfile</field><field\
        \ name=\"member_ids_im\">1000003</field><field name=\"member_ids_im\">1000007</field><field\
        \ name=\"public_b\">false</field><field name=\"workspace_id_im\">1000006</field><field\
        \ name=\"grouping_id_s\">ChorusWorkfile 1000005</field><field name=\"type_name_s\"\
        >Workfile</field><field name=\"security_type_name_sm\">Workfile</field><field\
        \ name=\"security_type_name_sm\">Workfile</field><field name=\"body_texts\"\
        >notesearch never</field></doc><doc><field name=\"id\">Events::NoteOnDataSource\
        \ 1000038</field><field name=\"type\">Events::NoteOnDataSource</field><field\
        \ name=\"type\">Events::Note</field><field name=\"type\">Events::Base</field><field\
        \ name=\"type\">ActiveRecord::Base</field><field name=\"class_name\">Events::NoteOnDataSource</field><field\
        \ name=\"grouping_id_s\">GpdbDataSource 1000000</field><field name=\"type_name_s\"\
        >DataSource</field><field name=\"security_type_name_sm\">DataSource</field><field\
        \ name=\"security_type_name_sm\">DataSource</field><field name=\"body_texts\"\
        >i am a comment with greenplumsearch in me</field></doc><doc><field name=\"\
        id\">Events::NoteOnDataSource 1000039</field><field name=\"type\">Events::NoteOnDataSource</field><field\
        \ name=\"type\">Events::Note</field><field name=\"type\">Events::Base</field><field\
        \ name=\"type\">ActiveRecord::Base</field><field name=\"class_name\">Events::NoteOnDataSource</field><field\
        \ name=\"grouping_id_s\">GpdbDataSource 1000000</field><field name=\"type_name_s\"\
        >DataSource</field><field name=\"security_type_name_sm\">DataSource</field><field\
        \ name=\"security_type_name_sm\">DataSource</field><field name=\"body_texts\"\
        >i am an insight with greenpluminsight in me</field></doc><doc><field name=\"\
        id\">Events::NoteOnDataSource 1000040</field><field name=\"type\">Events::NoteOnDataSource</field><field\
        \ name=\"type\">Events::Note</field><field name=\"type\">Events::Base</field><field\
        \ name=\"type\">ActiveRecord::Base</field><field name=\"class_name\">Events::NoteOnDataSource</field><field\
        \ name=\"grouping_id_s\">GpdbDataSource 1000000</field><field name=\"type_name_s\"\
        >DataSource</field><field name=\"security_type_name_sm\">DataSource</field><field\
        \ name=\"security_type_name_sm\">DataSource</field><field name=\"body_texts\"\
        >i love searchquery</field></doc><doc><field name=\"id\">Events::NoteOnDataSource\
        \ 1000041</field><field name=\"type\">Events::NoteOnDataSource</field><field\
        \ name=\"type\">Events::Note</field><field name=\"type\">Events::Base</field><field\
        \ name=\"type\">ActiveRecord::Base</field><field name=\"class_name\">Events::NoteOnDataSource</field><field\
        \ name=\"grouping_id_s\">GpdbDataSource 1000001</field><field name=\"type_name_s\"\
        >DataSource</field><field name=\"security_type_name_sm\">DataSource</field><field\
        \ name=\"security_type_name_sm\">DataSource</field><field name=\"body_texts\"\
        >is this a greenplumsearch data source?</field></doc><doc><field name=\"id\"\
        >Events::NoteOnDataSource 1000042</field><field name=\"type\">Events::NoteOnDataSource</field><field\
        \ name=\"type\">Events::Note</field><field name=\"type\">Events::Base</field><field\
        \ name=\"type\">ActiveRecord::Base</field><field name=\"class_name\">Events::NoteOnDataSource</field><field\
        \ name=\"grouping_id_s\">GpdbDataSource 1000001</field><field name=\"type_name_s\"\
        >DataSource</field><field name=\"security_type_name_sm\">DataSource</field><field\
        \ name=\"security_type_name_sm\">DataSource</field><field name=\"body_texts\"\
        >no, not greenplumsearch</field></doc><doc><field name=\"id\">Events::NoteOnDataSource\
        \ 1000043</field><field name=\"type\">Events::NoteOnDataSource</field><field\
        \ name=\"type\">Events::Note</field><field name=\"type\">Events::Base</field><field\
        \ name=\"type\">ActiveRecord::Base</field><field name=\"class_name\">Events::NoteOnDataSource</field><field\
        \ name=\"grouping_id_s\">GpdbDataSource 1000001</field><field name=\"type_name_s\"\
        >DataSource</field><field name=\"security_type_name_sm\">DataSource</field><field\
        \ name=\"security_type_name_sm\">DataSource</field><field name=\"body_texts\"\
        >really really?</field></doc><doc><field name=\"id\">Events::NoteOnHdfsDataSource\
        \ 1000044</field><field name=\"type\">Events::NoteOnHdfsDataSource</field><field\
        \ name=\"type\">Events::Note</field><field name=\"type\">Events::Base</field><field\
        \ name=\"type\">ActiveRecord::Base</field><field name=\"class_name\">Events::NoteOnHdfsDataSource</field><field\
        \ name=\"grouping_id_s\">HdfsDataSource 1000000</field><field name=\"type_name_s\"\
        >DataSource</field><field name=\"security_type_name_sm\">DataSource</field><field\
        \ name=\"body_texts\">hadoop-idy-doop</field></doc><doc><field name=\"id\"\
        >Events::NoteOnHdfsFile 1000045</field><field name=\"type\">Events::NoteOnHdfsFile</field><field\
        \ name=\"type\">Events::Note</field><field name=\"type\">Events::Base</field><field\
        \ name=\"type\">ActiveRecord::Base</field><field name=\"class_name\">Events::NoteOnHdfsFile</field><field\
        \ name=\"grouping_id_s\">HdfsEntry 1000010</field><field name=\"type_name_s\"\
        >HdfsEntry</field><field name=\"security_type_name_sm\">HdfsEntry</field><field\
        \ name=\"body_texts\">hhhhhhaaaadooooopppp</field></doc><doc><field name=\"\
        id\">Events::NoteOnWorkspace 1000046</field><field name=\"type\">Events::NoteOnWorkspace</field><field\
        \ name=\"type\">Events::Note</field><field name=\"type\">Events::Base</field><field\
        \ name=\"type\">ActiveRecord::Base</field><field name=\"class_name\">Events::NoteOnWorkspace</field><field\
        \ name=\"member_ids_im\">1000006</field><field name=\"member_ids_im\">1000007</field><field\
        \ name=\"public_b\">true</field><field name=\"workspace_id_im\">1000008</field><field\
        \ name=\"grouping_id_s\">Workspace 1000008</field><field name=\"type_name_s\"\
        >Workspace</field><field name=\"security_type_name_sm\">Workspace</field><field\
        \ name=\"body_texts\">Come see my awesome workspace!</field></doc><doc><field\
        \ name=\"id\">Events::NoteOnWorkfile 1000047</field><field name=\"type\">Events::NoteOnWorkfile</field><field\
        \ name=\"type\">Events::Note</field><field name=\"type\">Events::Base</field><field\
        \ name=\"type\">ActiveRecord::Base</field><field name=\"class_name\">Events::NoteOnWorkfile</field><field\
        \ name=\"member_ids_im\">1000006</field><field name=\"member_ids_im\">1000007</field><field\
        \ name=\"public_b\">true</field><field name=\"workspace_id_im\">1000008</field><field\
        \ name=\"grouping_id_s\">ChorusWorkfile 1000015</field><field name=\"type_name_s\"\
        >Workfile</field><field name=\"security_type_name_sm\">Workfile</field><field\
        \ name=\"security_type_name_sm\">Workfile</field><field name=\"body_texts\"\
        >My awesome workfile</field></doc><doc><field name=\"id\">Events::NoteOnGnipDataSource\
        \ 1000048</field><field name=\"type\">Events::NoteOnGnipDataSource</field><field\
        \ name=\"type\">Events::Note</field><field name=\"type\">Events::Base</field><field\
        \ name=\"type\">ActiveRecord::Base</field><field name=\"class_name\">Events::NoteOnGnipDataSource</field><field\
        \ name=\"grouping_id_s\">GnipDataSource 1000000</field><field name=\"type_name_s\"\
        >DataSource</field><field name=\"security_type_name_sm\">DataSource</field><field\
        \ name=\"body_texts\">i am a comment with gnipsearch in me</field></doc><doc><field\
        \ name=\"id\">Events::NoteOnGnipDataSource 1000049</field><field name=\"type\"\
        >Events::NoteOnGnipDataSource</field><field name=\"type\">Events::Note</field><field\
        \ name=\"type\">Events::Base</field><field name=\"type\">ActiveRecord::Base</field><field\
        \ name=\"class_name\">Events::NoteOnGnipDataSource</field><field name=\"grouping_id_s\"\
        >GnipDataSource 1000000</field><field name=\"type_name_s\">DataSource</field><field\
        \ name=\"security_type_name_sm\">DataSource</field><field name=\"body_texts\"\
        >i am an insight with gnipinsight in me</field></doc><doc><field name=\"id\"\
        >Events::NoteOnDataset 1000050</field><field name=\"type\">Events::NoteOnDataset</field><field\
        \ name=\"type\">Events::Note</field><field name=\"type\">Events::Base</field><field\
        \ name=\"type\">ActiveRecord::Base</field><field name=\"class_name\">Events::NoteOnDataset</field><field\
        \ name=\"data_source_account_ids_im\">1000002</field><field name=\"found_in_workspace_id_im\"\
        >1000014</field><field name=\"found_in_workspace_id_im\">1000008</field><field\
        \ name=\"grouping_id_s\">GpdbTable 1000003</field><field name=\"type_name_s\"\
        >Dataset</field><field name=\"security_type_name_sm\">GpdbTable</field><field\
        \ name=\"security_type_name_sm\">GpdbDataset</field><field name=\"security_type_name_sm\"\
        >Dataset</field><field name=\"body_texts\">Note on dataset</field></doc><doc><field\
        \ name=\"id\">Events::NoteOnWorkspaceDataset 1000051</field><field name=\"\
        type\">Events::NoteOnWorkspaceDataset</field><field name=\"type\">Events::Note</field><field\
        \ name=\"type\">Events::Base</field><field name=\"type\">ActiveRecord::Base</field><field\
        \ name=\"class_name\">Events::NoteOnWorkspaceDataset</field><field name=\"\
        data_source_account_ids_im\">1000002</field><field name=\"found_in_workspace_id_im\"\
        >1000014</field><field name=\"found_in_workspace_id_im\">1000008</field><field\
        \ name=\"member_ids_im\">1000006</field><field name=\"member_ids_im\">1000007</field><field\
        \ name=\"public_b\">true</field><field name=\"workspace_id_im\">1000008</field><field\
        \ name=\"grouping_id_s\">GpdbTable 1000003</field><field name=\"type_name_s\"\
        >Dataset</field><field name=\"security_type_name_sm\">GpdbTable</field><field\
        \ name=\"security_type_name_sm\">GpdbDataset</field><field name=\"security_type_name_sm\"\
        >Dataset</field><field name=\"body_texts\">Note on workspace dataset</field></doc><doc><field\
        \ name=\"id\">Events::NoteOnDataset 1000052</field><field name=\"type\">Events::NoteOnDataset</field><field\
        \ name=\"type\">Events::Note</field><field name=\"type\">Events::Base</field><field\
        \ name=\"type\">ActiveRecord::Base</field><field name=\"class_name\">Events::NoteOnDataset</field><field\
        \ name=\"data_source_account_ids_im\">1000002</field><field name=\"found_in_workspace_id_im\"\
        >1000001</field><field name=\"found_in_workspace_id_im\">1000011</field><field\
        \ name=\"found_in_workspace_id_im\">1000010</field><field name=\"grouping_id_s\"\
        >GpdbTable 1000010</field><field name=\"type_name_s\">Dataset</field><field\
        \ name=\"security_type_name_sm\">GpdbTable</field><field name=\"security_type_name_sm\"\
        >GpdbDataset</field><field name=\"security_type_name_sm\">Dataset</field><field\
        \ name=\"body_texts\">notesearch ftw</field></doc><doc><field name=\"id\"\
        >Events::NoteOnDataset 1000053</field><field name=\"type\">Events::NoteOnDataset</field><field\
        \ name=\"type\">Events::Note</field><field name=\"type\">Events::Base</field><field\
        \ name=\"type\">ActiveRecord::Base</field><field name=\"class_name\">Events::NoteOnDataset</field><field\
        \ name=\"data_source_account_ids_im\">1000002</field><field name=\"found_in_workspace_id_im\"\
        >1000001</field><field name=\"found_in_workspace_id_im\">1000011</field><field\
        \ name=\"found_in_workspace_id_im\">1000010</field><field name=\"grouping_id_s\"\
        >GpdbTable 1000010</field><field name=\"type_name_s\">Dataset</field><field\
        \ name=\"security_type_name_sm\">GpdbTable</field><field name=\"security_type_name_sm\"\
        >GpdbDataset</field><field name=\"security_type_name_sm\">Dataset</field><field\
        \ name=\"body_texts\">insightsearch ftw</field></doc><doc><field name=\"id\"\
        >Events::NoteOnWorkspaceDataset 1000054</field><field name=\"type\">Events::NoteOnWorkspaceDataset</field><field\
        \ name=\"type\">Events::Note</field><field name=\"type\">Events::Base</field><field\
        \ name=\"type\">ActiveRecord::Base</field><field name=\"class_name\">Events::NoteOnWorkspaceDataset</field><field\
        \ name=\"data_source_account_ids_im\">1000002</field><field name=\"found_in_workspace_id_im\"\
        >1000001</field><field name=\"found_in_workspace_id_im\">1000011</field><field\
        \ name=\"found_in_workspace_id_im\">1000010</field><field name=\"member_ids_im\"\
        >1000006</field><field name=\"member_ids_im\">1000007</field><field name=\"\
        public_b\">false</field><field name=\"workspace_id_im\">1000011</field><field\
        \ name=\"grouping_id_s\">ChorusView 1000021</field><field name=\"type_name_s\"\
        >Dataset</field><field name=\"security_type_name_sm\">ChorusView</field><field\
        \ name=\"security_type_name_sm\">GpdbDataset</field><field name=\"security_type_name_sm\"\
        >Dataset</field><field name=\"body_texts\">workspacedatasetnotesearch</field></doc><doc><field\
        \ name=\"id\">Events::NoteOnWorkspaceDataset 1000055</field><field name=\"\
        type\">Events::NoteOnWorkspaceDataset</field><field name=\"type\">Events::Note</field><field\
        \ name=\"type\">Events::Base</field><field name=\"type\">ActiveRecord::Base</field><field\
        \ name=\"class_name\">Events::NoteOnWorkspaceDataset</field><field name=\"\
        data_source_account_ids_im\">1000002</field><field name=\"found_in_workspace_id_im\"\
        >1000001</field><field name=\"found_in_workspace_id_im\">1000011</field><field\
        \ name=\"found_in_workspace_id_im\">1000010</field><field name=\"member_ids_im\"\
        >1000006</field><field name=\"member_ids_im\">1000007</field><field name=\"\
        public_b\">true</field><field name=\"workspace_id_im\">1000008</field><field\
        \ name=\"grouping_id_s\">GpdbTable 1000010</field><field name=\"type_name_s\"\
        >Dataset</field><field name=\"security_type_name_sm\">GpdbTable</field><field\
        \ name=\"security_type_name_sm\">GpdbDataset</field><field name=\"security_type_name_sm\"\
        >Dataset</field><field name=\"body_texts\">workspacedatasetnotesearch</field></doc><doc><field\
        \ name=\"id\">Events::NoteOnWorkspaceDataset 1000056</field><field name=\"\
        type\">Events::NoteOnWorkspaceDataset</field><field name=\"type\">Events::Note</field><field\
        \ name=\"type\">Events::Base</field><field name=\"type\">ActiveRecord::Base</field><field\
        \ name=\"class_name\">Events::NoteOnWorkspaceDataset</field><field name=\"\
        data_source_account_ids_im\">1000002</field><field name=\"found_in_workspace_id_im\"\
        >1000008</field><field name=\"found_in_workspace_id_im\">1000007</field><field\
        \ name=\"member_ids_im\">1000006</field><field name=\"member_ids_im\">1000007</field><field\
        \ name=\"public_b\">true</field><field name=\"workspace_id_im\">1000008</field><field\
        \ name=\"grouping_id_s\">GpdbTable 1000007</field><field name=\"type_name_s\"\
        >Dataset</field><field name=\"security_type_name_sm\">GpdbTable</field><field\
        \ name=\"security_type_name_sm\">GpdbDataset</field><field name=\"security_type_name_sm\"\
        >Dataset</field><field name=\"body_texts\">workspacedatasetnotesearch</field></doc><doc><field\
        \ name=\"id\">Events::NoteOnWorkspace 1000057</field><field name=\"type\"\
        >Events::NoteOnWorkspace</field><field name=\"type\">Events::Note</field><field\
        \ name=\"type\">Events::Base</field><field name=\"type\">ActiveRecord::Base</field><field\
        \ name=\"class_name\">Events::NoteOnWorkspace</field><field name=\"member_ids_im\"\
        >1000006</field><field name=\"member_ids_im\">1000007</field><field name=\"\
        public_b\">true</field><field name=\"workspace_id_im\">1000008</field><field\
        \ name=\"grouping_id_s\">Workspace 1000008</field><field name=\"type_name_s\"\
        >Workspace</field><field name=\"security_type_name_sm\">Workspace</field><field\
        \ name=\"body_texts\">notesearch forever</field></doc><doc><field name=\"\
        id\">Events::NoteOnWorkspace 1000059</field><field name=\"type\">Events::NoteOnWorkspace</field><field\
        \ name=\"type\">Events::Note</field><field name=\"type\">Events::Base</field><field\
        \ name=\"type\">ActiveRecord::Base</field><field name=\"class_name\">Events::NoteOnWorkspace</field><field\
        \ name=\"member_ids_im\">1000003</field><field name=\"member_ids_im\">1000007</field><field\
        \ name=\"public_b\">false</field><field name=\"workspace_id_im\">1000006</field><field\
        \ name=\"grouping_id_s\">Workspace 1000006</field><field name=\"type_name_s\"\
        >Workspace</field><field name=\"security_type_name_sm\">Workspace</field><field\
        \ name=\"body_texts\">notesearch never</field></doc><doc><field name=\"id\"\
        >Events::NoteOnWorkspace 1000060</field><field name=\"type\">Events::NoteOnWorkspace</field><field\
        \ name=\"type\">Events::Note</field><field name=\"type\">Events::Base</field><field\
        \ name=\"type\">ActiveRecord::Base</field><field name=\"class_name\">Events::NoteOnWorkspace</field><field\
        \ name=\"member_ids_im\">1000003</field><field name=\"member_ids_im\">1000007</field><field\
        \ name=\"public_b\">true</field><field name=\"workspace_id_im\">1000005</field><field\
        \ name=\"grouping_id_s\">Workspace 1000005</field><field name=\"type_name_s\"\
        >Workspace</field><field name=\"security_type_name_sm\">Workspace</field><field\
        \ name=\"body_texts\">some stuff</field></doc></add>"
    headers:
      content-type:
      - text/xml
  response:
    status:
      code: 200
      message: OK
    headers:
      content-type:
      - text/plain; charset=utf-8
      connection:
      - close
      server:
      - Jetty(6.1-SNAPSHOT)
    body:
      encoding: US-ASCII
      string: "{'responseHeader'=>{'status'=>0,'QTime'=>5}}"
    http_version: '1.1'
  recorded_at: Thu, 25 Apr 2013 01:07:02 GMT
- request:
    method: post
    uri: http://localhost:8981/solr/update?wt=ruby
    body:
      encoding: US-ASCII
      string: "<?xml version=\"1.0\" encoding=\"UTF-8\"?><commit/>"
    headers:
      content-type:
      - text/xml
  response:
    status:
      code: 200
      message: OK
    headers:
      content-type:
      - text/plain; charset=utf-8
      connection:
      - close
      server:
      - Jetty(6.1-SNAPSHOT)
    body:
      encoding: US-ASCII
      string: "{'responseHeader'=>{'status'=>0,'QTime'=>9}}"
    http_version: '1.1'
  recorded_at: Thu, 25 Apr 2013 01:07:02 GMT
- request:
    method: post
    uri: http://localhost:8981/solr/update?wt=ruby
    body:
      encoding: US-ASCII
      string: "<?xml version=\"1.0\" encoding=\"UTF-8\"?><commit/>"
    headers:
      content-type:
      - text/xml
  response:
    status:
      code: 200
      message: OK
    headers:
      content-type:
      - text/plain; charset=utf-8
      connection:
      - close
      server:
      - Jetty(6.1-SNAPSHOT)
    body:
      encoding: US-ASCII
      string: "{'responseHeader'=>{'status'=>0,'QTime'=>1}}"
    http_version: '1.1'
  recorded_at: Thu, 25 Apr 2013 01:07:02 GMT
recorded_with: VCR 2.3.0
